*** Using Compiler 'V5.06 update 7 (build 960)', folder: 'C:\Keil_v5\ARM\ARMCC\Bin'
Rebuild target 'EX5_Ultrasonic_Avoid'
compiling stm32f10x_it.c...
compiling misc.c...
compiling core_cm3.c...
compiling motor.c...
assembling startup_stm32f10x_hd.s...
compiling inv_mpu.c...
compiling exti.c...
compiling filter.c...
compiling adc.c...
compiling obstacle_guard.c...
compiling usart.c...
compiling usart3.c...
compiling stm32f10x_usart.c...
compiling delay.c...
compiling encoder.c...
compiling stm32f10x_adc.c...
compiling key.c...
compiling stm32f10x_exti.c...
compiling stm32f10x_gpio.c...
compiling stm32f10x_rcc.c...
compiling MiniBalance.c...
compiling system_stm32f10x.c...
compiling oled.c...
compiling oled_status.c...
compiling ultrasonic.c...
compiling stm32f10x_tim.c...
compiling IOI2C.c...
compiling MPU6050.c...
compiling control.c...
compiling inv_mpu_dmp_motion_driver.c...
compiling sys.c...
linking...
Program Size: Code=38662 RO-data=7078 RW-data=480 ZI-data=2960  
FromELF: creating hex file...
"..\OBJ\EX5_Ultrasonic_Avoid.axf" - 0 Error(s), 0 Warning(s).
Build Time Elapsed:  00:00:02
